  stdafx.cpp
  Attack.cpp
  Camera.cpp
  CCRC32.Cpp
  ChaosMix.cpp
  Console.cpp
  CustomEffect.cpp
  CustomFog.cpp
  CustomItem.cpp
  CustomMap.cpp
  CustomMessage.cpp
  CustomMonster.cpp
  CustomTooltip.cpp
  Effect.cpp
  EventEntryLevel.cpp
  Fog.cpp
  Font.cpp
  GoldenArcher.cpp
  HackCheck.cpp
  HealthBar.cpp
  ItemMove.cpp
  Compilando...
  ItemToolTip.cpp
  Language.cpp
  LoadModels.cpp
  Main.cpp
  Map.cpp
  MathLib.cpp
  Monster.cpp
  Notice.cpp
  PacketManager.cpp
  Patchs.cpp
  PeriodicItem.cpp
  PrintPlayer.cpp
  Protect.cpp
  Protocol.cpp
  Reconnect.cpp
  Resolution.cpp
  ServerList.cpp
  Shop.cpp
  Skill.cpp
  SkillAttackSpeed.cpp
D:\MuOnline 2026\Versões SSeMU\CMZ - Source Main 5.2 +Emulador Season 4 -  ZenMU Downgrade for S2.5\Source 97k SSEmu\Source97k-2.4.3-SSeMU\Source\Main_097K-KOR\Main\Shop.cpp(199,22): warning C4334: '<<': resultado de 32-bit shift convertido implicitamente para 64 bits (64-bit shift era pretendido?)
  (compilando o arquivo fonte '/Shop.cpp')
  
  Compilando...
  Sound.cpp
  Texture.cpp
  TrayMode.cpp
  Util.cpp
  Window.cpp
  WindowTime.cpp
     Criando biblioteca ..\..\..\Program\MuServer97K\Tools\GetMainInfo\Path\Main.lib e objeto ..\..\..\Program\MuServer97K\Tools\GetMainInfo\Path\Main.exp
  Gerando código
  Previous IPDB not found, fall back to full compilation.
  All 570 functions were compiled because no usable IPDB/IOBJ from previous compilation was found.
  Finalizada a geração de código
  Main.vcxproj -> D:\MuOnline 2026\Versões SSeMU\CMZ - Source Main 5.2 +Emulador Season 4 -  ZenMU Downgrade for S2.5\Source 97k SSEmu\Source97k-2.4.3-SSeMU\Program\MuServer97K\Tools\GetMainInfo\Path\Main.dll
