d:\muonline 2026\versões ssemu\cmz - source main 5.2 +emulador season 4 -  zenmu downgrade for s2.5\source 97k ssemu\source97k-2.4.3-ssemu\source\main_097k-kor\main\release\main.pch
d:\muonline 2026\versões ssemu\cmz - source main 5.2 +emulador season 4 -  zenmu downgrade for s2.5\source 97k ssemu\source97k-2.4.3-ssemu\source\main_097k-kor\main\release\vc143.pdb
d:\muonline 2026\versões ssemu\cmz - source main 5.2 +emulador season 4 -  zenmu downgrade for s2.5\source 97k ssemu\source97k-2.4.3-ssemu\source\main_097k-kor\main\release\stdafx.obj
d:\muonline 2026\versões ssemu\cmz - source main 5.2 +emulador season 4 -  zenmu downgrade for s2.5\source 97k ssemu\source97k-2.4.3-ssemu\source\main_097k-kor\main\release\itemmove.obj
d:\muonline 2026\versões ssemu\cmz - source main 5.2 +emulador season 4 -  zenmu downgrade for s2.5\source 97k ssemu\source97k-2.4.3-ssemu\source\main_097k-kor\main\release\healthbar.obj
d:\muonline 2026\versões ssemu\cmz - source main 5.2 +emulador season 4 -  zenmu downgrade for s2.5\source 97k ssemu\source97k-2.4.3-ssemu\source\main_097k-kor\main\release\hackcheck.obj
d:\muonline 2026\versões ssemu\cmz - source main 5.2 +emulador season 4 -  zenmu downgrade for s2.5\source 97k ssemu\source97k-2.4.3-ssemu\source\main_097k-kor\main\release\goldenarcher.obj
d:\muonline 2026\versões ssemu\cmz - source main 5.2 +emulador season 4 -  zenmu downgrade for s2.5\source 97k ssemu\source97k-2.4.3-ssemu\source\main_097k-kor\main\release\font.obj
d:\muonline 2026\versões ssemu\cmz - source main 5.2 +emulador season 4 -  zenmu downgrade for s2.5\source 97k ssemu\source97k-2.4.3-ssemu\source\main_097k-kor\main\release\fog.obj
d:\muonline 2026\versões ssemu\cmz - source main 5.2 +emulador season 4 -  zenmu downgrade for s2.5\source 97k ssemu\source97k-2.4.3-ssemu\source\main_097k-kor\main\release\evententrylevel.obj
d:\muonline 2026\versões ssemu\cmz - source main 5.2 +emulador season 4 -  zenmu downgrade for s2.5\source 97k ssemu\source97k-2.4.3-ssemu\source\main_097k-kor\main\release\effect.obj
d:\muonline 2026\versões ssemu\cmz - source main 5.2 +emulador season 4 -  zenmu downgrade for s2.5\source 97k ssemu\source97k-2.4.3-ssemu\source\main_097k-kor\main\release\customtooltip.obj
d:\muonline 2026\versões ssemu\cmz - source main 5.2 +emulador season 4 -  zenmu downgrade for s2.5\source 97k ssemu\source97k-2.4.3-ssemu\source\main_097k-kor\main\release\custommonster.obj
d:\muonline 2026\versões ssemu\cmz - source main 5.2 +emulador season 4 -  zenmu downgrade for s2.5\source 97k ssemu\source97k-2.4.3-ssemu\source\main_097k-kor\main\release\custommessage.obj
d:\muonline 2026\versões ssemu\cmz - source main 5.2 +emulador season 4 -  zenmu downgrade for s2.5\source 97k ssemu\source97k-2.4.3-ssemu\source\main_097k-kor\main\release\custommap.obj
d:\muonline 2026\versões ssemu\cmz - source main 5.2 +emulador season 4 -  zenmu downgrade for s2.5\source 97k ssemu\source97k-2.4.3-ssemu\source\main_097k-kor\main\release\customitem.obj
d:\muonline 2026\versões ssemu\cmz - source main 5.2 +emulador season 4 -  zenmu downgrade for s2.5\source 97k ssemu\source97k-2.4.3-ssemu\source\main_097k-kor\main\release\customfog.obj
d:\muonline 2026\versões ssemu\cmz - source main 5.2 +emulador season 4 -  zenmu downgrade for s2.5\source 97k ssemu\source97k-2.4.3-ssemu\source\main_097k-kor\main\release\customeffect.obj
d:\muonline 2026\versões ssemu\cmz - source main 5.2 +emulador season 4 -  zenmu downgrade for s2.5\source 97k ssemu\source97k-2.4.3-ssemu\source\main_097k-kor\main\release\console.obj
d:\muonline 2026\versões ssemu\cmz - source main 5.2 +emulador season 4 -  zenmu downgrade for s2.5\source 97k ssemu\source97k-2.4.3-ssemu\source\main_097k-kor\main\release\chaosmix.obj
d:\muonline 2026\versões ssemu\cmz - source main 5.2 +emulador season 4 -  zenmu downgrade for s2.5\source 97k ssemu\source97k-2.4.3-ssemu\source\main_097k-kor\main\release\ccrc32.obj
d:\muonline 2026\versões ssemu\cmz - source main 5.2 +emulador season 4 -  zenmu downgrade for s2.5\source 97k ssemu\source97k-2.4.3-ssemu\source\main_097k-kor\main\release\camera.obj
d:\muonline 2026\versões ssemu\cmz - source main 5.2 +emulador season 4 -  zenmu downgrade for s2.5\source 97k ssemu\source97k-2.4.3-ssemu\source\main_097k-kor\main\release\attack.obj
d:\muonline 2026\versões ssemu\cmz - source main 5.2 +emulador season 4 -  zenmu downgrade for s2.5\source 97k ssemu\source97k-2.4.3-ssemu\source\main_097k-kor\main\release\skillattackspeed.obj
d:\muonline 2026\versões ssemu\cmz - source main 5.2 +emulador season 4 -  zenmu downgrade for s2.5\source 97k ssemu\source97k-2.4.3-ssemu\source\main_097k-kor\main\release\skill.obj
d:\muonline 2026\versões ssemu\cmz - source main 5.2 +emulador season 4 -  zenmu downgrade for s2.5\source 97k ssemu\source97k-2.4.3-ssemu\source\main_097k-kor\main\release\shop.obj
d:\muonline 2026\versões ssemu\cmz - source main 5.2 +emulador season 4 -  zenmu downgrade for s2.5\source 97k ssemu\source97k-2.4.3-ssemu\source\main_097k-kor\main\release\serverlist.obj
d:\muonline 2026\versões ssemu\cmz - source main 5.2 +emulador season 4 -  zenmu downgrade for s2.5\source 97k ssemu\source97k-2.4.3-ssemu\source\main_097k-kor\main\release\resolution.obj
d:\muonline 2026\versões ssemu\cmz - source main 5.2 +emulador season 4 -  zenmu downgrade for s2.5\source 97k ssemu\source97k-2.4.3-ssemu\source\main_097k-kor\main\release\reconnect.obj
d:\muonline 2026\versões ssemu\cmz - source main 5.2 +emulador season 4 -  zenmu downgrade for s2.5\source 97k ssemu\source97k-2.4.3-ssemu\source\main_097k-kor\main\release\protocol.obj
d:\muonline 2026\versões ssemu\cmz - source main 5.2 +emulador season 4 -  zenmu downgrade for s2.5\source 97k ssemu\source97k-2.4.3-ssemu\source\main_097k-kor\main\release\protect.obj
d:\muonline 2026\versões ssemu\cmz - source main 5.2 +emulador season 4 -  zenmu downgrade for s2.5\source 97k ssemu\source97k-2.4.3-ssemu\source\main_097k-kor\main\release\printplayer.obj
d:\muonline 2026\versões ssemu\cmz - source main 5.2 +emulador season 4 -  zenmu downgrade for s2.5\source 97k ssemu\source97k-2.4.3-ssemu\source\main_097k-kor\main\release\periodicitem.obj
d:\muonline 2026\versões ssemu\cmz - source main 5.2 +emulador season 4 -  zenmu downgrade for s2.5\source 97k ssemu\source97k-2.4.3-ssemu\source\main_097k-kor\main\release\patchs.obj
d:\muonline 2026\versões ssemu\cmz - source main 5.2 +emulador season 4 -  zenmu downgrade for s2.5\source 97k ssemu\source97k-2.4.3-ssemu\source\main_097k-kor\main\release\packetmanager.obj
d:\muonline 2026\versões ssemu\cmz - source main 5.2 +emulador season 4 -  zenmu downgrade for s2.5\source 97k ssemu\source97k-2.4.3-ssemu\source\main_097k-kor\main\release\notice.obj
d:\muonline 2026\versões ssemu\cmz - source main 5.2 +emulador season 4 -  zenmu downgrade for s2.5\source 97k ssemu\source97k-2.4.3-ssemu\source\main_097k-kor\main\release\monster.obj
d:\muonline 2026\versões ssemu\cmz - source main 5.2 +emulador season 4 -  zenmu downgrade for s2.5\source 97k ssemu\source97k-2.4.3-ssemu\source\main_097k-kor\main\release\mathlib.obj
d:\muonline 2026\versões ssemu\cmz - source main 5.2 +emulador season 4 -  zenmu downgrade for s2.5\source 97k ssemu\source97k-2.4.3-ssemu\source\main_097k-kor\main\release\map.obj
d:\muonline 2026\versões ssemu\cmz - source main 5.2 +emulador season 4 -  zenmu downgrade for s2.5\source 97k ssemu\source97k-2.4.3-ssemu\source\main_097k-kor\main\release\main.obj
d:\muonline 2026\versões ssemu\cmz - source main 5.2 +emulador season 4 -  zenmu downgrade for s2.5\source 97k ssemu\source97k-2.4.3-ssemu\source\main_097k-kor\main\release\loadmodels.obj
d:\muonline 2026\versões ssemu\cmz - source main 5.2 +emulador season 4 -  zenmu downgrade for s2.5\source 97k ssemu\source97k-2.4.3-ssemu\source\main_097k-kor\main\release\language.obj
d:\muonline 2026\versões ssemu\cmz - source main 5.2 +emulador season 4 -  zenmu downgrade for s2.5\source 97k ssemu\source97k-2.4.3-ssemu\source\main_097k-kor\main\release\itemtooltip.obj
d:\muonline 2026\versões ssemu\cmz - source main 5.2 +emulador season 4 -  zenmu downgrade for s2.5\source 97k ssemu\source97k-2.4.3-ssemu\source\main_097k-kor\main\release\windowtime.obj
d:\muonline 2026\versões ssemu\cmz - source main 5.2 +emulador season 4 -  zenmu downgrade for s2.5\source 97k ssemu\source97k-2.4.3-ssemu\source\main_097k-kor\main\release\window.obj
d:\muonline 2026\versões ssemu\cmz - source main 5.2 +emulador season 4 -  zenmu downgrade for s2.5\source 97k ssemu\source97k-2.4.3-ssemu\source\main_097k-kor\main\release\util.obj
d:\muonline 2026\versões ssemu\cmz - source main 5.2 +emulador season 4 -  zenmu downgrade for s2.5\source 97k ssemu\source97k-2.4.3-ssemu\source\main_097k-kor\main\release\traymode.obj
d:\muonline 2026\versões ssemu\cmz - source main 5.2 +emulador season 4 -  zenmu downgrade for s2.5\source 97k ssemu\source97k-2.4.3-ssemu\source\main_097k-kor\main\release\texture.obj
d:\muonline 2026\versões ssemu\cmz - source main 5.2 +emulador season 4 -  zenmu downgrade for s2.5\source 97k ssemu\source97k-2.4.3-ssemu\source\main_097k-kor\main\release\sound.obj
d:\muonline 2026\versões ssemu\cmz - source main 5.2 +emulador season 4 -  zenmu downgrade for s2.5\source 97k ssemu\source97k-2.4.3-ssemu\program\muserver97k\tools\getmaininfo\path\main.dll
d:\muonline 2026\versões ssemu\cmz - source main 5.2 +emulador season 4 -  zenmu downgrade for s2.5\source 97k ssemu\source97k-2.4.3-ssemu\source\main_097k-kor\main\release\main.res
d:\muonline 2026\versões ssemu\cmz - source main 5.2 +emulador season 4 -  zenmu downgrade for s2.5\source 97k ssemu\source97k-2.4.3-ssemu\program\muserver97k\tools\getmaininfo\path\main.lib
d:\muonline 2026\versões ssemu\cmz - source main 5.2 +emulador season 4 -  zenmu downgrade for s2.5\source 97k ssemu\source97k-2.4.3-ssemu\program\muserver97k\tools\getmaininfo\path\main.exp
d:\muonline 2026\versões ssemu\cmz - source main 5.2 +emulador season 4 -  zenmu downgrade for s2.5\source 97k ssemu\source97k-2.4.3-ssemu\source\main_097k-kor\main\release\main.ipdb
d:\muonline 2026\versões ssemu\cmz - source main 5.2 +emulador season 4 -  zenmu downgrade for s2.5\source 97k ssemu\source97k-2.4.3-ssemu\source\main_097k-kor\main\release\main.iobj
d:\muonline 2026\versões ssemu\cmz - source main 5.2 +emulador season 4 -  zenmu downgrade for s2.5\source 97k ssemu\source97k-2.4.3-ssemu\source\main_097k-kor\main\release\main.tlog\cl.command.1.tlog
d:\muonline 2026\versões ssemu\cmz - source main 5.2 +emulador season 4 -  zenmu downgrade for s2.5\source 97k ssemu\source97k-2.4.3-ssemu\source\main_097k-kor\main\release\main.tlog\cl.items.tlog
d:\muonline 2026\versões ssemu\cmz - source main 5.2 +emulador season 4 -  zenmu downgrade for s2.5\source 97k ssemu\source97k-2.4.3-ssemu\source\main_097k-kor\main\release\main.tlog\cl.read.1.tlog
d:\muonline 2026\versões ssemu\cmz - source main 5.2 +emulador season 4 -  zenmu downgrade for s2.5\source 97k ssemu\source97k-2.4.3-ssemu\source\main_097k-kor\main\release\main.tlog\cl.write.1.tlog
d:\muonline 2026\versões ssemu\cmz - source main 5.2 +emulador season 4 -  zenmu downgrade for s2.5\source 97k ssemu\source97k-2.4.3-ssemu\source\main_097k-kor\main\release\main.tlog\link.command.1.tlog
d:\muonline 2026\versões ssemu\cmz - source main 5.2 +emulador season 4 -  zenmu downgrade for s2.5\source 97k ssemu\source97k-2.4.3-ssemu\source\main_097k-kor\main\release\main.tlog\link.read.1.tlog
d:\muonline 2026\versões ssemu\cmz - source main 5.2 +emulador season 4 -  zenmu downgrade for s2.5\source 97k ssemu\source97k-2.4.3-ssemu\source\main_097k-kor\main\release\main.tlog\link.secondary.1.tlog
d:\muonline 2026\versões ssemu\cmz - source main 5.2 +emulador season 4 -  zenmu downgrade for s2.5\source 97k ssemu\source97k-2.4.3-ssemu\source\main_097k-kor\main\release\main.tlog\link.write.1.tlog
d:\muonline 2026\versões ssemu\cmz - source main 5.2 +emulador season 4 -  zenmu downgrade for s2.5\source 97k ssemu\source97k-2.4.3-ssemu\source\main_097k-kor\main\release\main.tlog\rc.command.1.tlog
d:\muonline 2026\versões ssemu\cmz - source main 5.2 +emulador season 4 -  zenmu downgrade for s2.5\source 97k ssemu\source97k-2.4.3-ssemu\source\main_097k-kor\main\release\main.tlog\rc.read.1.tlog
d:\muonline 2026\versões ssemu\cmz - source main 5.2 +emulador season 4 -  zenmu downgrade for s2.5\source 97k ssemu\source97k-2.4.3-ssemu\source\main_097k-kor\main\release\main.tlog\rc.write.1.tlog
